2025-06-25T07:47:30.0956795Z ##[debug]Starting: poll
2025-06-25T07:47:30.0987581Z ##[debug]Cleaning runner temp folder: /home/runner/work/_temp
2025-06-25T07:47:30.1148040Z ##[debug]Starting: Set up job
2025-06-25T07:47:30.1149662Z Current runner version: '2.325.0'
2025-06-25T07:47:30.1184433Z ##[group]Operating System
2025-06-25T07:47:30.1185493Z Ubuntu
2025-06-25T07:47:30.1186464Z 24.04.2
2025-06-25T07:47:30.1187205Z LTS
2025-06-25T07:47:30.1188080Z ##[endgroup]
2025-06-25T07:47:30.1189066Z ##[group]Runner Image
2025-06-25T07:47:30.1190252Z Image: ubuntu-24.04
2025-06-25T07:47:30.1191286Z Version: 20250615.1.0
2025-06-25T07:47:30.1193254Z Included Software: https://github.com/actions/runner-images/blob/ubuntu24/20250615.1/images/ubuntu/Ubuntu2404-Readme.md
2025-06-25T07:47:30.1195778Z Image Release: https://github.com/actions/runner-images/releases/tag/ubuntu24%2F20250615.1
2025-06-25T07:47:30.1197559Z ##[endgroup]
2025-06-25T07:47:30.1198462Z ##[group]Runner Image Provisioner
2025-06-25T07:47:30.1199555Z 2.0.437.1
2025-06-25T07:47:30.1200759Z ##[endgroup]
2025-06-25T07:47:30.1202570Z ##[group]GITHUB_TOKEN Permissions
2025-06-25T07:47:30.1205679Z Contents: read
2025-06-25T07:47:30.1206558Z Metadata: read
2025-06-25T07:47:30.1207636Z Packages: read
2025-06-25T07:47:30.1208500Z ##[endgroup]
2025-06-25T07:47:30.1211568Z Secret source: Actions
2025-06-25T07:47:30.1213073Z ##[debug]Primary repository: hanxuhao58/jmeter-api-project
2025-06-25T07:47:30.1214523Z Prepare workflow directory
2025-06-25T07:47:30.1307463Z ##[debug]Creating pipeline directory: '/home/runner/work/jmeter-api-project'
2025-06-25T07:47:30.1313430Z ##[debug]Creating workspace directory: '/home/runner/work/jmeter-api-project/jmeter-api-project'
2025-06-25T07:47:30.1316564Z ##[debug]Update context data
2025-06-25T07:47:30.1321825Z ##[debug]Evaluating job-level environment variables
2025-06-25T07:47:30.1760775Z ##[debug]Evaluating job container
2025-06-25T07:47:30.1765753Z ##[debug]Evaluating job service containers
2025-06-25T07:47:30.1769345Z ##[debug]Evaluating job defaults
2025-06-25T07:47:30.1807186Z Prepare all required actions
2025-06-25T07:47:30.1866449Z Getting action download info
2025-06-25T07:47:30.4208655Z ##[group]Download immutable action package 'actions/checkout@v4'
2025-06-25T07:47:30.4209800Z Version: 4.2.2
2025-06-25T07:47:30.4210784Z Digest: sha256:ccb2698953eaebd21c7bf6268a94f9c26518a7e38e27e0b83c1fe1ad049819b1
2025-06-25T07:47:30.4211870Z Source commit SHA: 11bd71901bbe5b1630ceea73d27597364c9af683
2025-06-25T07:47:30.4212842Z ##[endgroup]
2025-06-25T07:47:30.4247013Z ##[debug]Copied action archive '/opt/actionarchivecache/actions_checkout/11bd71901bbe5b1630ceea73d27597364c9af683.tar.gz' to '/home/runner/work/_actions/_temp_e4fd3617-37d1-4df5-9136-237bd9fe3bed/5f89e8f5-3c2f-4050-817f-eb42033f4a02.tar.gz'
2025-06-25T07:47:30.4999475Z ##[debug]Unwrap 'actions-checkout-11bd719' to '/home/runner/work/_actions/actions/checkout/v4'
2025-06-25T07:47:30.5128178Z ##[debug]Archive '/home/runner/work/_actions/_temp_e4fd3617-37d1-4df5-9136-237bd9fe3bed/5f89e8f5-3c2f-4050-817f-eb42033f4a02.tar.gz' has been unzipped into '/home/runner/work/_actions/actions/checkout/v4'.
2025-06-25T07:47:30.5226566Z ##[debug]Action 'actions/checkout@v4' already downloaded at '/home/runner/work/_actions/actions/checkout/v4'.
2025-06-25T07:47:30.5230597Z ##[group]Download immutable action package 'actions/upload-artifact@v4'
2025-06-25T07:47:30.5231412Z Version: 4.6.2
2025-06-25T07:47:30.5232141Z Digest: sha256:290722aa3281d5caf23d0acdc3dbeb3424786a1a01a9cc97e72f147225e37c38
2025-06-25T07:47:30.5233327Z Source commit SHA: ea165f8d65b6e75b540449e92b4886f43607fa02
2025-06-25T07:47:30.5234027Z ##[endgroup]
2025-06-25T07:47:30.5298253Z ##[debug]Copied action archive '/opt/actionarchivecache/actions_upload-artifact/ea165f8d65b6e75b540449e92b4886f43607fa02.tar.gz' to '/home/runner/work/_actions/_temp_9990e7a0-59e3-4fd3-af2c-33ccceaa45aa/3862b311-45c5-4773-8ef1-cec9c856cea9.tar.gz'
2025-06-25T07:47:30.6054589Z ##[debug]Unwrap 'actions-upload-artifact-ea165f8' to '/home/runner/work/_actions/actions/upload-artifact/v4'
2025-06-25T07:47:30.6364282Z ##[debug]Archive '/home/runner/work/_actions/_temp_9990e7a0-59e3-4fd3-af2c-33ccceaa45aa/3862b311-45c5-4773-8ef1-cec9c856cea9.tar.gz' has been unzipped into '/home/runner/work/_actions/actions/upload-artifact/v4'.
2025-06-25T07:47:30.6428463Z ##[debug]action.yml for action: '/home/runner/work/_actions/actions/checkout/v4/action.yml'.
2025-06-25T07:47:30.6990917Z ##[debug]action.yml for action: '/home/runner/work/_actions/actions/checkout/v4/action.yml'.
2025-06-25T07:47:30.7145564Z ##[debug]action.yml for action: '/home/runner/work/_actions/actions/upload-artifact/v4/action.yml'.
2025-06-25T07:47:30.7221985Z ##[debug]Set step '__actions_checkout' display name to: 'Run actions/checkout@v4'
2025-06-25T07:47:30.7226892Z ##[debug]Set step 'prev' display name to: 'Run echo "SHA=$(cat $STATE 2>/dev/null || echo none)" >> $GITHUB_OUTPUT'
2025-06-25T07:47:30.7265790Z ##[debug]Set step 'latest' display name to: 'Run LATEST=$(curl -s -H "Authorization: *** secrets.COMPANY_PAT }}" \'
2025-06-25T07:47:30.7267803Z ##[debug]Set step '__run' display name to: 'Export LATEST env'
2025-06-25T07:47:30.7269232Z ##[debug]Set step '__run_2' display name to: 'No change'
2025-06-25T07:47:30.7270710Z ##[debug]Set step '__actions_checkout_2' display name to: 'Checkout company repo'
2025-06-25T07:47:30.7272233Z ##[debug]Set step '__run_3' display name to: 'Install JMeter & plugins'
2025-06-25T07:47:30.7273863Z ##[debug]Set step '__run_4' display name to: 'Run tests'
2025-06-25T07:47:30.7275423Z ##[debug]Set step '__actions_upload-artifact' display name to: 'Run actions/upload-artifact@v4'
2025-06-25T07:47:30.7276936Z ##[debug]Set step '__run_5' display name to: 'Save sha'
2025-06-25T07:47:30.7277565Z Complete job name: poll
2025-06-25T07:47:30.7317819Z ##[debug]Collect running processes for tracking orphan processes.
2025-06-25T07:47:30.7524480Z ##[debug]Finishing: Set up job
2025-06-25T07:47:30.7638968Z ##[debug]Evaluating condition for step: 'Run actions/checkout@v4'
2025-06-25T07:47:30.7666827Z ##[debug]Evaluating: success()
2025-06-25T07:47:30.7671693Z ##[debug]Evaluating success:
2025-06-25T07:47:30.7687411Z ##[debug]=> true
2025-06-25T07:47:30.7693379Z ##[debug]Result: true
2025-06-25T07:47:30.7716002Z ##[debug]Starting: Run actions/checkout@v4
2025-06-25T07:47:30.7782198Z ##[debug]Register post job cleanup for action: actions/checkout@v4
2025-06-25T07:47:30.7856425Z ##[debug]Loading inputs
2025-06-25T07:47:30.7865200Z ##[debug]Evaluating: github.repository
2025-06-25T07:47:30.7866331Z ##[debug]Evaluating Index:
2025-06-25T07:47:30.7868226Z ##[debug]..Evaluating github:
2025-06-25T07:47:30.7869367Z ##[debug]..=> Object
2025-06-25T07:47:30.7875190Z ##[debug]..Evaluating String:
2025-06-25T07:47:30.7876048Z ##[debug]..=> 'repository'
2025-06-25T07:47:30.7880023Z ##[debug]=> 'hanxuhao58/jmeter-api-project'
2025-06-25T07:47:30.7881678Z ##[debug]Result: 'hanxuhao58/jmeter-api-project'
2025-06-25T07:47:30.7884333Z ##[debug]Evaluating: github.token
2025-06-25T07:47:30.7884905Z ##[debug]Evaluating Index:
2025-06-25T07:47:30.7885370Z ##[debug]..Evaluating github:
2025-06-25T07:47:30.7885849Z ##[debug]..=> Object
2025-06-25T07:47:30.7886278Z ##[debug]..Evaluating String:
2025-06-25T07:47:30.7886770Z ##[debug]..=> 'token'
2025-06-25T07:47:30.7887445Z ##[debug]=> '***'
2025-06-25T07:47:30.7887992Z ##[debug]Result: '***'
2025-06-25T07:47:30.7900811Z ##[debug]Loading env
2025-06-25T07:47:30.7958965Z ##[group]Run actions/checkout@v4
2025-06-25T07:47:30.7959653Z with:
2025-06-25T07:47:30.7960003Z   ref: main
2025-06-25T07:47:30.7960361Z   fetch-depth: 0
2025-06-25T07:47:30.7960801Z   repository: hanxuhao58/jmeter-api-project
2025-06-25T07:47:30.7961469Z   token: ***
2025-06-25T07:47:30.7961836Z   ssh-strict: true
2025-06-25T07:47:30.7962216Z   ssh-user: git
2025-06-25T07:47:30.7962768Z   persist-credentials: true
2025-06-25T07:47:30.7963215Z   clean: true
2025-06-25T07:47:30.7963616Z   sparse-checkout-cone-mode: true
2025-06-25T07:47:30.7964072Z   fetch-tags: false
2025-06-25T07:47:30.7964462Z   show-progress: true
2025-06-25T07:47:30.7965070Z   lfs: false
2025-06-25T07:47:30.7965435Z   submodules: false
2025-06-25T07:47:30.7965823Z   set-safe-directory: true
2025-06-25T07:47:30.7966521Z env:
2025-06-25T07:47:30.7966937Z   COMPANY_REPO: gumtree-tech/mobile-apps-bff
2025-06-25T07:47:30.7967450Z   BRANCH: main
2025-06-25T07:47:30.7967813Z   STATE: .last_sha_bff
2025-06-25T07:47:30.7968198Z ##[endgroup]
2025-06-25T07:47:30.9820781Z ##[debug]GITHUB_WORKSPACE = '/home/runner/work/jmeter-api-project/jmeter-api-project'
2025-06-25T07:47:30.9822343Z ##[debug]qualified repository = 'hanxuhao58/jmeter-api-project'
2025-06-25T07:47:30.9823625Z ##[debug]ref = 'main'
2025-06-25T07:47:30.9824342Z ##[debug]commit = 'undefined'
2025-06-25T07:47:30.9825512Z ##[debug]clean = true
2025-06-25T07:47:30.9826558Z ##[debug]filter = undefined
2025-06-25T07:47:30.9827625Z ##[debug]fetch depth = 0
2025-06-25T07:47:30.9828744Z ##[debug]fetch tags = false
2025-06-25T07:47:30.9829876Z ##[debug]show progress = true
2025-06-25T07:47:30.9830733Z ##[debug]lfs = false
2025-06-25T07:47:30.9831840Z ##[debug]submodules = false
2025-06-25T07:47:30.9832534Z ##[debug]recursive submodules = false
2025-06-25T07:47:30.9833549Z ##[debug]GitHub Host URL = 
2025-06-25T07:47:30.9835281Z ::add-matcher::/home/runner/work/_actions/actions/checkout/v4/dist/problem-matcher.json
2025-06-25T07:47:30.9917532Z ##[debug]Added matchers: 'checkout-git'. Problem matchers scan action output for known warning or error strings and report these inline.
2025-06-25T07:47:30.9922162Z Syncing repository: hanxuhao58/jmeter-api-project
2025-06-25T07:47:30.9923704Z ::group::Getting Git version info
2025-06-25T07:47:30.9925240Z ##[group]Getting Git version info
2025-06-25T07:47:30.9926248Z Working directory is '/home/runner/work/jmeter-api-project/jmeter-api-project'
2025-06-25T07:47:30.9927513Z ##[debug]Getting git version
2025-06-25T07:47:30.9928328Z [command]/usr/bin/git version
2025-06-25T07:47:30.9981186Z git version 2.49.0
2025-06-25T07:47:31.0006902Z ##[debug]0
2025-06-25T07:47:31.0007743Z ##[debug]git version 2.49.0
2025-06-25T07:47:31.0008198Z ##[debug]
2025-06-25T07:47:31.0009413Z ##[debug]Set git useragent to: git/2.49.0 (github-actions-checkout)
2025-06-25T07:47:31.0010868Z ::endgroup::
2025-06-25T07:47:31.0011478Z ##[endgroup]
2025-06-25T07:47:31.0015762Z ::add-mask::***
2025-06-25T07:47:31.0024029Z Temporarily overriding HOME='/home/runner/work/_temp/f1cf314b-a8ce-4da1-8077-df68a0849ace' before making global git config changes
2025-06-25T07:47:31.0025377Z Adding repository directory to the temporary git global config as a safe directory
2025-06-25T07:47:31.0029562Z [command]/usr/bin/git config --global --add safe.directory /home/runner/work/jmeter-api-project/jmeter-api-project
2025-06-25T07:47:31.0066242Z ##[debug]0
2025-06-25T07:47:31.0071275Z ##[debug]
2025-06-25T07:47:31.0072070Z Deleting the contents of '/home/runner/work/jmeter-api-project/jmeter-api-project'
2025-06-25T07:47:31.0075165Z ::group::Initializing the repository
2025-06-25T07:47:31.0075767Z ##[group]Initializing the repository
2025-06-25T07:47:31.0079289Z [command]/usr/bin/git init /home/runner/work/jmeter-api-project/jmeter-api-project
2025-06-25T07:47:31.0159806Z hint: Using 'master' as the name for the initial branch. This default branch name
2025-06-25T07:47:31.0161246Z hint: is subject to change. To configure the initial branch name to use in all
2025-06-25T07:47:31.0162389Z hint: of your new repositories, which will suppress this warning, call:
2025-06-25T07:47:31.0163738Z hint:
2025-06-25T07:47:31.0164519Z hint: 	git config --global init.defaultBranch <name>
2025-06-25T07:47:31.0165475Z hint:
2025-06-25T07:47:31.0166346Z hint: Names commonly chosen instead of 'master' are 'main', 'trunk' and
2025-06-25T07:47:31.0167661Z hint: 'development'. The just-created branch can be renamed via this command:
2025-06-25T07:47:31.0168358Z hint:
2025-06-25T07:47:31.0168717Z hint: 	git branch -m <name>
2025-06-25T07:47:31.0169568Z Initialized empty Git repository in /home/runner/work/jmeter-api-project/jmeter-api-project/.git/
2025-06-25T07:47:31.0171755Z ##[debug]0
2025-06-25T07:47:31.0173145Z ##[debug]Initialized empty Git repository in /home/runner/work/jmeter-api-project/jmeter-api-project/.git/
2025-06-25T07:47:31.0174047Z ##[debug]
2025-06-25T07:47:31.0177466Z [command]/usr/bin/git remote add origin https://github.com/hanxuhao58/jmeter-api-project
2025-06-25T07:47:31.0212196Z ##[debug]0
2025-06-25T07:47:31.0213159Z ##[debug]
2025-06-25T07:47:31.0213824Z ::endgroup::
2025-06-25T07:47:31.0214189Z ##[endgroup]
2025-06-25T07:47:31.0214849Z ::group::Disabling automatic garbage collection
2025-06-25T07:47:31.0215427Z ##[group]Disabling automatic garbage collection
2025-06-25T07:47:31.0216967Z [command]/usr/bin/git config --local gc.auto 0
2025-06-25T07:47:31.0245940Z ##[debug]0
2025-06-25T07:47:31.0246684Z ##[debug]
2025-06-25T07:47:31.0247400Z ::endgroup::
2025-06-25T07:47:31.0247750Z ##[endgroup]
2025-06-25T07:47:31.0248519Z ::group::Setting up auth
2025-06-25T07:47:31.0249125Z ##[group]Setting up auth
2025-06-25T07:47:31.0253528Z [command]/usr/bin/git config --local --name-only --get-regexp core\.sshCommand
2025-06-25T07:47:31.0280757Z ##[debug]1
2025-06-25T07:47:31.0281895Z ##[debug]
2025-06-25T07:47:31.0288126Z [command]/usr/bin/git submodule foreach --recursive sh -c "git config --local --name-only --get-regexp 'core\.sshCommand' && git config --local --unset-all 'core.sshCommand' || :"
2025-06-25T07:47:31.0610607Z ##[debug]0
2025-06-25T07:47:31.0615286Z ##[debug]
2025-06-25T07:47:31.0616057Z [command]/usr/bin/git config --local --name-only --get-regexp http\.https\:\/\/github\.com\/\.extraheader
2025-06-25T07:47:31.0638799Z ##[debug]1
2025-06-25T07:47:31.0639541Z ##[debug]
2025-06-25T07:47:31.0644198Z [command]/usr/bin/git submodule foreach --recursive sh -c "git config --local --name-only --get-regexp 'http\.https\:\/\/github\.com\/\.extraheader' && git config --local --unset-all 'http.https://github.com/.extraheader' || :"
2025-06-25T07:47:31.0872112Z ##[debug]0
2025-06-25T07:47:31.0873108Z ##[debug]
2025-06-25T07:47:31.0881158Z [command]/usr/bin/git config --local http.https://github.com/.extraheader AUTHORIZATION: basic ***
2025-06-25T07:47:31.0909366Z ##[debug]0
2025-06-25T07:47:31.0910492Z ##[debug]
2025-06-25T07:47:31.0919775Z ::endgroup::
2025-06-25T07:47:31.0920467Z ##[endgroup]
2025-06-25T07:47:31.0921663Z ::group::Fetching the repository
2025-06-25T07:47:31.0922530Z ##[group]Fetching the repository
2025-06-25T07:47:31.0940164Z [command]/usr/bin/git -c protocol.version=2 fetch --prune --no-recurse-submodules origin +refs/heads/*:refs/remotes/origin/* +refs/tags/*:refs/tags/*
2025-06-25T07:47:31.5084040Z From https://github.com/hanxuhao58/jmeter-api-project
2025-06-25T07:47:31.5085518Z  * [new branch]      1.0        -> origin/1.0
2025-06-25T07:47:31.5086865Z  * [new branch]      feature/jmeter-login-only -> origin/feature/jmeter-login-only
2025-06-25T07:47:31.5088613Z  * [new branch]      main       -> origin/main
2025-06-25T07:47:31.5092444Z  * [new branch]      test       -> origin/test
2025-06-25T07:47:31.5124268Z ##[debug]0
2025-06-25T07:47:31.5125453Z ##[debug]
2025-06-25T07:47:31.5127132Z ::endgroup::
2025-06-25T07:47:31.5127879Z ##[endgroup]
2025-06-25T07:47:31.5130599Z ::group::Determining the checkout info
2025-06-25T07:47:31.5131591Z ##[group]Determining the checkout info
2025-06-25T07:47:31.5135114Z [command]/usr/bin/git branch --list --remote origin/main
2025-06-25T07:47:31.5162552Z   origin/main
2025-06-25T07:47:31.5167589Z ##[debug]0
2025-06-25T07:47:31.5168747Z ##[debug]  origin/main
2025-06-25T07:47:31.5169482Z ##[debug]
2025-06-25T07:47:31.5170521Z ::endgroup::
2025-06-25T07:47:31.5171129Z ##[endgroup]
2025-06-25T07:47:31.5173970Z [command]/usr/bin/git sparse-checkout disable
2025-06-25T07:47:31.5212374Z ##[debug]0
2025-06-25T07:47:31.5215179Z ##[debug]
2025-06-25T07:47:31.5219030Z [command]/usr/bin/git config --local --unset-all extensions.worktreeConfig
2025-06-25T07:47:31.5248534Z ##[debug]0
2025-06-25T07:47:31.5249647Z ##[debug]
2025-06-25T07:47:31.5250694Z ::group::Checking out the ref
2025-06-25T07:47:31.5251791Z ##[group]Checking out the ref
2025-06-25T07:47:31.5254601Z [command]/usr/bin/git checkout --progress --force -B main refs/remotes/origin/main
2025-06-25T07:47:31.5346257Z Switched to a new branch 'main'
2025-06-25T07:47:31.5349190Z branch 'main' set up to track 'origin/main'.
2025-06-25T07:47:31.5356602Z ##[debug]0
2025-06-25T07:47:31.5358088Z ##[debug]branch 'main' set up to track 'origin/main'.
2025-06-25T07:47:31.5358886Z ##[debug]
2025-06-25T07:47:31.5359921Z ::endgroup::
2025-06-25T07:47:31.5360574Z ##[endgroup]
2025-06-25T07:47:31.5390924Z ##[debug]0
2025-06-25T07:47:31.5392917Z ##[debug]commit 8c85db8c530621942b3b3af339c501d41027e6cb
2025-06-25T07:47:31.5394257Z ##[debug]Merge: 07b7944 e29bf2d
2025-06-25T07:47:31.5395423Z ##[debug]Author: hanxuhao58 <hanxuhao58@gmail.com>
2025-06-25T07:47:31.5396738Z ##[debug]Date:   Tue Jun 24 19:16:17 2025 +0800
2025-06-25T07:47:31.5397776Z ##[debug]
2025-06-25T07:47:31.5398449Z ##[debug]    Merge pull request #1 from hanxuhao58/1.0
2025-06-25T07:47:31.5399400Z ##[debug]    
2025-06-25T07:47:31.5400052Z ##[debug]    1.0
2025-06-25T07:47:31.5400769Z ##[debug]
2025-06-25T07:47:31.5401667Z [command]/usr/bin/git log -1 --format=%H
2025-06-25T07:47:31.5418030Z 8c85db8c530621942b3b3af339c501d41027e6cb
2025-06-25T07:47:31.5423645Z ##[debug]0
2025-06-25T07:47:31.5424926Z ##[debug]8c85db8c530621942b3b3af339c501d41027e6cb
2025-06-25T07:47:31.5425795Z ##[debug]
2025-06-25T07:47:31.5428857Z ##[debug]Unsetting HOME override
2025-06-25T07:47:31.5435787Z ::remove-matcher owner=checkout-git::
2025-06-25T07:47:31.5447175Z ##[debug]Removed matchers: 'checkout-git'
2025-06-25T07:47:31.5506723Z ##[debug]Node Action run completed with exit code 0
2025-06-25T07:47:31.5542517Z ##[debug]Save intra-action state isPost = true
2025-06-25T07:47:31.5544604Z ##[debug]Save intra-action state setSafeDirectory = true
2025-06-25T07:47:31.5546838Z ##[debug]Save intra-action state repositoryPath = /home/runner/work/jmeter-api-project/jmeter-api-project
2025-06-25T07:47:31.5551961Z ##[debug]Set output commit = 8c85db8c530621942b3b3af339c501d41027e6cb
2025-06-25T07:47:31.5554137Z ##[debug]Set output ref = main
2025-06-25T07:47:31.5560570Z ##[debug]Finishing: Run actions/checkout@v4
2025-06-25T07:47:31.5587760Z ##[debug]Evaluating condition for step: 'Run echo "SHA=$(cat $STATE 2>/dev/null || echo none)" >> $GITHUB_OUTPUT'
2025-06-25T07:47:31.5591865Z ##[debug]Evaluating: success()
2025-06-25T07:47:31.5593577Z ##[debug]Evaluating success:
2025-06-25T07:47:31.5595014Z ##[debug]=> true
2025-06-25T07:47:31.5596324Z ##[debug]Result: true
2025-06-25T07:47:31.5598568Z ##[debug]Starting: Run echo "SHA=$(cat $STATE 2>/dev/null || echo none)" >> $GITHUB_OUTPUT
2025-06-25T07:47:31.5617695Z ##[debug]Loading inputs
2025-06-25T07:47:31.5619908Z ##[debug]Loading env
2025-06-25T07:47:31.5643574Z ##[group]Run echo "SHA=$(cat $STATE 2>/dev/null || echo none)" >> $GITHUB_OUTPUT
2025-06-25T07:47:31.5645568Z [36;1mecho "SHA=$(cat $STATE 2>/dev/null || echo none)" >> $GITHUB_OUTPUT[0m
2025-06-25T07:47:31.5740179Z shell: /usr/bin/bash -e {0}
2025-06-25T07:47:31.5741169Z env:
2025-06-25T07:47:31.5741983Z   COMPANY_REPO: gumtree-tech/mobile-apps-bff
2025-06-25T07:47:31.5743508Z   BRANCH: main
2025-06-25T07:47:31.5744321Z   STATE: .last_sha_bff
2025-06-25T07:47:31.5745148Z ##[endgroup]
2025-06-25T07:47:31.5824599Z ##[debug]/usr/bin/bash -e /home/runner/work/_temp/97110364-25c2-44b2-8fdf-995598bb7fcb.sh
2025-06-25T07:47:31.5889558Z ##[debug]Set output SHA = none
2025-06-25T07:47:31.5892414Z ##[debug]Finishing: Run echo "SHA=$(cat $STATE 2>/dev/null || echo none)" >> $GITHUB_OUTPUT
2025-06-25T07:47:31.5916287Z ##[debug]Evaluating condition for step: 'Run LATEST=$(curl -s -H "Authorization: *** secrets.COMPANY_PAT }}" \'
2025-06-25T07:47:31.5921495Z ##[debug]Evaluating: format('LATEST=$(curl -s -H "Authorization: ***" \
2025-06-25T07:47:31.5923924Z ##[debug]https://api.github.com/repos/${{COMPANY_REPO}}/commits/${{BRANCH}} | jq -r .sha)
2025-06-25T07:47:31.5925717Z ##[debug]echo "LATEST=$LATEST" >> $GITHUB_OUTPUT
2025-06-25T07:47:31.5927087Z ##[debug]', secrets.COMPANY_PAT)
2025-06-25T07:47:31.5928121Z ##[debug]Evaluating format:
2025-06-25T07:47:31.5932185Z ##[debug]..Evaluating String:
2025-06-25T07:47:31.5933931Z ##[debug]..=> 'LATEST=$(curl -s -H "Authorization: ***" \
2025-06-25T07:47:31.5935808Z ##[debug]https://api.github.com/repos/${{COMPANY_REPO}}/commits/${{BRANCH}} | jq -r .sha)
2025-06-25T07:47:31.5937633Z ##[debug]echo "LATEST=$LATEST" >> $GITHUB_OUTPUT
2025-06-25T07:47:31.5938721Z ##[debug]'
2025-06-25T07:47:31.5951925Z ##[debug]..Evaluating Index:
2025-06-25T07:47:31.5953285Z ##[debug]....Evaluating secrets:
2025-06-25T07:47:31.5954275Z ##[debug]....=> Object
2025-06-25T07:47:31.5955136Z ##[debug]....Evaluating String:
2025-06-25T07:47:31.5956066Z ##[debug]....=> 'COMPANY_PAT'
2025-06-25T07:47:31.5957395Z ##[debug]..=> '***'
2025-06-25T07:47:31.5959884Z ##[debug]=> 'LATEST=$(curl -s -H "Authorization: ***" \
2025-06-25T07:47:31.5961643Z ##[debug]https://api.github.com/repos/${COMPANY_REPO}/commits/${BRANCH} | jq -r .sha)
2025-06-25T07:47:31.5963634Z ##[debug]echo "LATEST=$LATEST" >> $GITHUB_OUTPUT
2025-06-25T07:47:31.5964705Z ##[debug]'
2025-06-25T07:47:31.5966333Z ##[debug]Result: 'LATEST=$(curl -s -H "Authorization: ***" \
2025-06-25T07:47:31.5968136Z ##[debug]https://api.github.com/repos/${COMPANY_REPO}/commits/${BRANCH} | jq -r .sha)
2025-06-25T07:47:31.5969837Z ##[debug]echo "LATEST=$LATEST" >> $GITHUB_OUTPUT
2025-06-25T07:47:31.5970902Z ##[debug]'
2025-06-25T07:47:31.5973559Z ##[debug]Set step 'latest' display name to: 'Run LATEST=$(curl -s -H "Authorization: ***" \'
2025-06-25T07:47:31.5978399Z ##[debug]Evaluating: success()
2025-06-25T07:47:31.5979665Z ##[debug]Evaluating success:
2025-06-25T07:47:31.5980862Z ##[debug]=> true
2025-06-25T07:47:31.5981948Z ##[debug]Result: true
2025-06-25T07:47:31.5983842Z ##[debug]Starting: Run LATEST=$(curl -s -H "Authorization: ***" \
2025-06-25T07:47:31.5998610Z ##[debug]Loading inputs
2025-06-25T07:47:31.6003197Z ##[debug]Evaluating: format('LATEST=$(curl -s -H "Authorization: ***" \
2025-06-25T07:47:31.6065534Z ##[debug]https://api.github.com/repos/${{COMPANY_REPO}}/commits/${{BRANCH}} | jq -r .sha)
2025-06-25T07:47:31.6067491Z ##[debug]echo "LATEST=$LATEST" >> $GITHUB_OUTPUT
2025-06-25T07:47:31.6068644Z ##[debug]', secrets.COMPANY_PAT)
2025-06-25T07:47:31.6069619Z ##[debug]Evaluating format:
2025-06-25T07:47:31.6070517Z ##[debug]..Evaluating String:
2025-06-25T07:47:31.6071803Z ##[debug]..=> 'LATEST=$(curl -s -H "Authorization: ***" \
2025-06-25T07:47:31.6073765Z ##[debug]https://api.github.com/repos/${{COMPANY_REPO}}/commits/${{BRANCH}} | jq -r .sha)
2025-06-25T07:47:31.6075471Z ##[debug]echo "LATEST=$LATEST" >> $GITHUB_OUTPUT
2025-06-25T07:47:31.6076582Z ##[debug]'
2025-06-25T07:47:31.6077510Z ##[debug]..Evaluating Index:
2025-06-25T07:47:31.6078412Z ##[debug]....Evaluating secrets:
2025-06-25T07:47:31.6079474Z ##[debug]....=> Object
2025-06-25T07:47:31.6080304Z ##[debug]....Evaluating String:
2025-06-25T07:47:31.6081212Z ##[debug]....=> 'COMPANY_PAT'
2025-06-25T07:47:31.6082415Z ##[debug]..=> '***'
2025-06-25T07:47:31.6084213Z ##[debug]=> 'LATEST=$(curl -s -H "Authorization: ***" \
2025-06-25T07:47:31.6085872Z ##[debug]https://api.github.com/repos/${COMPANY_REPO}/commits/${BRANCH} | jq -r .sha)
2025-06-25T07:47:31.6087543Z ##[debug]echo "LATEST=$LATEST" >> $GITHUB_OUTPUT
2025-06-25T07:47:31.6088575Z ##[debug]'
2025-06-25T07:47:31.6090111Z ##[debug]Result: 'LATEST=$(curl -s -H "Authorization: ***" \
2025-06-25T07:47:31.6091855Z ##[debug]https://api.github.com/repos/${COMPANY_REPO}/commits/${BRANCH} | jq -r .sha)
2025-06-25T07:47:31.6093947Z ##[debug]echo "LATEST=$LATEST" >> $GITHUB_OUTPUT
2025-06-25T07:47:31.6095031Z ##[debug]'
2025-06-25T07:47:31.6095925Z ##[debug]Loading env
2025-06-25T07:47:31.6108894Z ##[group]Run LATEST=$(curl -s -H "Authorization: ***" \
2025-06-25T07:47:31.6110812Z [36;1mLATEST=$(curl -s -H "Authorization: ***" \[0m
2025-06-25T07:47:31.6112469Z [36;1mhttps://api.github.com/repos/${COMPANY_REPO}/commits/${BRANCH} | jq -r .sha)[0m
2025-06-25T07:47:31.6114347Z [36;1mecho "LATEST=$LATEST" >> $GITHUB_OUTPUT[0m
2025-06-25T07:47:31.6171623Z shell: /usr/bin/bash -e {0}
2025-06-25T07:47:31.6172464Z env:
2025-06-25T07:47:31.6173353Z   COMPANY_REPO: gumtree-tech/mobile-apps-bff
2025-06-25T07:47:31.6174383Z   BRANCH: main
2025-06-25T07:47:31.6175077Z   STATE: .last_sha_bff
2025-06-25T07:47:31.6175844Z ##[endgroup]
2025-06-25T07:47:31.6234110Z ##[debug]/usr/bin/bash -e /home/runner/work/_temp/40e74ca3-36d1-4a12-a803-99c825839b94.sh
2025-06-25T07:47:31.8072838Z ##[debug]Set output LATEST = null
2025-06-25T07:47:31.8073868Z ##[debug]Finishing: Run LATEST=$(curl -s -H "Authorization: ***" \
2025-06-25T07:47:31.8081768Z ##[debug]Evaluating condition for step: 'Export LATEST env'
2025-06-25T07:47:31.8084041Z ##[debug]Evaluating: success()
2025-06-25T07:47:31.8084546Z ##[debug]Evaluating success:
2025-06-25T07:47:31.8085126Z ##[debug]=> true
2025-06-25T07:47:31.8085664Z ##[debug]Result: true
2025-06-25T07:47:31.8086389Z ##[debug]Starting: Export LATEST env
2025-06-25T07:47:31.8096584Z ##[debug]Loading inputs
2025-06-25T07:47:31.8098486Z ##[debug]Evaluating: format('echo "LATEST={0}" >> $GITHUB_ENV', steps.latest.outputs.LATEST)
2025-06-25T07:47:31.8099150Z ##[debug]Evaluating format:
2025-06-25T07:47:31.8099636Z ##[debug]..Evaluating String:
2025-06-25T07:47:31.8100133Z ##[debug]..=> 'echo "LATEST={0}" >> $GITHUB_ENV'
2025-06-25T07:47:31.8100769Z ##[debug]..Evaluating Index:
2025-06-25T07:47:31.8101245Z ##[debug]....Evaluating Index:
2025-06-25T07:47:31.8101737Z ##[debug]......Evaluating Index:
2025-06-25T07:47:31.8102219Z ##[debug]........Evaluating steps:
2025-06-25T07:47:31.8103038Z ##[debug]........=> Object
2025-06-25T07:47:31.8103563Z ##[debug]........Evaluating String:
2025-06-25T07:47:31.8104064Z ##[debug]........=> 'latest'
2025-06-25T07:47:31.8104553Z ##[debug]......=> Object
2025-06-25T07:47:31.8105009Z ##[debug]......Evaluating String:
2025-06-25T07:47:31.8105481Z ##[debug]......=> 'outputs'
2025-06-25T07:47:31.8105935Z ##[debug]....=> Object
2025-06-25T07:47:31.8106370Z ##[debug]....Evaluating String:
2025-06-25T07:47:31.8106836Z ##[debug]....=> 'LATEST'
2025-06-25T07:47:31.8107287Z ##[debug]..=> 'null'
2025-06-25T07:47:31.8107774Z ##[debug]=> 'echo "LATEST=null" >> $GITHUB_ENV'
2025-06-25T07:47:31.8108328Z ##[debug]Result: 'echo "LATEST=null" >> $GITHUB_ENV'
2025-06-25T07:47:31.8109039Z ##[debug]Loading env
2025-06-25T07:47:31.8115466Z ##[group]Run echo "LATEST=null" >> $GITHUB_ENV
2025-06-25T07:47:31.8115957Z [36;1mecho "LATEST=null" >> $GITHUB_ENV[0m
2025-06-25T07:47:31.8175481Z shell: /usr/bin/bash -e {0}
2025-06-25T07:47:31.8175894Z env:
2025-06-25T07:47:31.8176292Z   COMPANY_REPO: gumtree-tech/mobile-apps-bff
2025-06-25T07:47:31.8176752Z   BRANCH: main
2025-06-25T07:47:31.8177103Z   STATE: .last_sha_bff
2025-06-25T07:47:31.8177478Z ##[endgroup]
2025-06-25T07:47:31.8232995Z ##[debug]/usr/bin/bash -e /home/runner/work/_temp/8914e30d-a872-42cd-ad82-39f287422002.sh
2025-06-25T07:47:31.8259276Z ##[debug]LATEST='null'
2025-06-25T07:47:31.8261240Z ##[debug]Finishing: Export LATEST env
2025-06-25T07:47:31.8268889Z ##[debug]Evaluating condition for step: 'No change'
2025-06-25T07:47:31.8277271Z ##[debug]Evaluating: (success() && (env.LATEST == steps.prev.outputs.SHA))
2025-06-25T07:47:31.8278100Z ##[debug]Evaluating And:
2025-06-25T07:47:31.8280459Z ##[debug]..Evaluating success:
2025-06-25T07:47:31.8281095Z ##[debug]..=> true
2025-06-25T07:47:31.8281707Z ##[debug]..Evaluating Equal:
2025-06-25T07:47:31.8283491Z ##[debug]....Evaluating Index:
2025-06-25T07:47:31.8284484Z ##[debug]......Evaluating env:
2025-06-25T07:47:31.8285247Z ##[debug]......=> Object
2025-06-25T07:47:31.8285821Z ##[debug]......Evaluating String:
2025-06-25T07:47:31.8286362Z ##[debug]......=> 'LATEST'
2025-06-25T07:47:31.8288551Z ##[debug]....=> 'null'
2025-06-25T07:47:31.8289156Z ##[debug]....Evaluating Index:
2025-06-25T07:47:31.8289844Z ##[debug]......Evaluating Index:
2025-06-25T07:47:31.8290385Z ##[debug]........Evaluating Index:
2025-06-25T07:47:31.8291078Z ##[debug]..........Evaluating steps:
2025-06-25T07:47:31.8292099Z ##[debug]..........=> Object
2025-06-25T07:47:31.8293065Z ##[debug]..........Evaluating String:
2025-06-25T07:47:31.8293712Z ##[debug]..........=> 'prev'
2025-06-25T07:47:31.8294260Z ##[debug]........=> Object
2025-06-25T07:47:31.8294795Z ##[debug]........Evaluating String:
2025-06-25T07:47:31.8295345Z ##[debug]........=> 'outputs'
2025-06-25T07:47:31.8295868Z ##[debug]......=> Object
2025-06-25T07:47:31.8296376Z ##[debug]......Evaluating String:
2025-06-25T07:47:31.8296882Z ##[debug]......=> 'SHA'
2025-06-25T07:47:31.8297362Z ##[debug]....=> 'none'
2025-06-25T07:47:31.8300842Z ##[debug]..=> false
2025-06-25T07:47:31.8301578Z ##[debug]=> false
2025-06-25T07:47:31.8305045Z ##[debug]Expanded: (true && ('null' == 'none'))
2025-06-25T07:47:31.8305683Z ##[debug]Result: false
2025-06-25T07:47:31.8311901Z ##[debug]Evaluating condition for step: 'Checkout company repo'
2025-06-25T07:47:31.8315172Z ##[debug]Evaluating: (success() && (env.LATEST != steps.prev.outputs.SHA))
2025-06-25T07:47:31.8315874Z ##[debug]Evaluating And:
2025-06-25T07:47:31.8316412Z ##[debug]..Evaluating success:
2025-06-25T07:47:31.8316974Z ##[debug]..=> true
2025-06-25T07:47:31.8317547Z ##[debug]..Evaluating NotEqual:
2025-06-25T07:47:31.8319230Z ##[debug]....Evaluating Index:
2025-06-25T07:47:31.8319784Z ##[debug]......Evaluating env:
2025-06-25T07:47:31.8320323Z ##[debug]......=> Object
2025-06-25T07:47:31.8320854Z ##[debug]......Evaluating String:
2025-06-25T07:47:31.8321373Z ##[debug]......=> 'LATEST'
2025-06-25T07:47:31.8321951Z ##[debug]....=> 'null'
2025-06-25T07:47:31.8322466Z ##[debug]....Evaluating Index:
2025-06-25T07:47:31.8323226Z ##[debug]......Evaluating Index:
2025-06-25T07:47:31.8323767Z ##[debug]........Evaluating Index:
2025-06-25T07:47:31.8324312Z ##[debug]..........Evaluating steps:
2025-06-25T07:47:31.8324909Z ##[debug]..........=> Object
2025-06-25T07:47:31.8325456Z ##[debug]..........Evaluating String:
2025-06-25T07:47:31.8326000Z ##[debug]..........=> 'prev'
2025-06-25T07:47:31.8326525Z ##[debug]........=> Object
2025-06-25T07:47:31.8327056Z ##[debug]........Evaluating String:
2025-06-25T07:47:31.8327584Z ##[debug]........=> 'outputs'
2025-06-25T07:47:31.8328096Z ##[debug]......=> Object
2025-06-25T07:47:31.8328600Z ##[debug]......Evaluating String:
2025-06-25T07:47:31.8329114Z ##[debug]......=> 'SHA'
2025-06-25T07:47:31.8329595Z ##[debug]....=> 'none'
2025-06-25T07:47:31.8330538Z ##[debug]..=> true
2025-06-25T07:47:31.8331201Z ##[debug]=> true
2025-06-25T07:47:31.8333064Z ##[debug]Expanded: (true && ('null' != 'none'))
2025-06-25T07:47:31.8333717Z ##[debug]Result: true
2025-06-25T07:47:31.8334555Z ##[debug]Starting: Checkout company repo
2025-06-25T07:47:31.8372411Z ##[debug]Register post job cleanup for action: actions/checkout@v4
2025-06-25T07:47:31.8386188Z ##[debug]Loading inputs
2025-06-25T07:47:31.8387508Z ##[debug]Evaluating: env.COMPANY_REPO
2025-06-25T07:47:31.8387926Z ##[debug]Evaluating Index:
2025-06-25T07:47:31.8388293Z ##[debug]..Evaluating env:
2025-06-25T07:47:31.8388676Z ##[debug]..=> Object
2025-06-25T07:47:31.8389090Z ##[debug]..Evaluating String:
2025-06-25T07:47:31.8389469Z ##[debug]..=> 'COMPANY_REPO'
2025-06-25T07:47:31.8389901Z ##[debug]=> 'gumtree-tech/mobile-apps-bff'
2025-06-25T07:47:31.8390368Z ##[debug]Result: 'gumtree-tech/mobile-apps-bff'
2025-06-25T07:47:31.8391127Z ##[debug]Evaluating: env.BRANCH
2025-06-25T07:47:31.8391546Z ##[debug]Evaluating Index:
2025-06-25T07:47:31.8391903Z ##[debug]..Evaluating env:
2025-06-25T07:47:31.8392286Z ##[debug]..=> Object
2025-06-25T07:47:31.8392870Z ##[debug]..Evaluating String:
2025-06-25T07:47:31.8393289Z ##[debug]..=> 'BRANCH'
2025-06-25T07:47:31.8393679Z ##[debug]=> 'main'
2025-06-25T07:47:31.8394042Z ##[debug]Result: 'main'
2025-06-25T07:47:31.8394782Z ##[debug]Evaluating: secrets.COMPANY_PAT
2025-06-25T07:47:31.8395233Z ##[debug]Evaluating Index:
2025-06-25T07:47:31.8395627Z ##[debug]..Evaluating secrets:
2025-06-25T07:47:31.8396042Z ##[debug]..=> Object
2025-06-25T07:47:31.8396417Z ##[debug]..Evaluating String:
2025-06-25T07:47:31.8396821Z ##[debug]..=> 'COMPANY_PAT'
2025-06-25T07:47:31.8397785Z ##[debug]=> '***'
2025-06-25T07:47:31.8398294Z ##[debug]Result: '***'
2025-06-25T07:47:31.8409810Z ##[debug]Loading env
2025-06-25T07:47:31.8416187Z ##[group]Run actions/checkout@v4
2025-06-25T07:47:31.8416586Z with:
2025-06-25T07:47:31.8416954Z   repository: gumtree-tech/mobile-apps-bff
2025-06-25T07:47:31.8417365Z   ref: main
2025-06-25T07:47:31.8417834Z   token: ***
2025-06-25T07:47:31.8418176Z   path: company_src
2025-06-25T07:47:31.8418520Z   ssh-strict: true
2025-06-25T07:47:31.8418866Z   ssh-user: git
2025-06-25T07:47:31.8419220Z   persist-credentials: true
2025-06-25T07:47:31.8419606Z   clean: true
2025-06-25T07:47:31.8419965Z   sparse-checkout-cone-mode: true
2025-06-25T07:47:31.8420358Z   fetch-depth: 1
2025-06-25T07:47:31.8420897Z   fetch-tags: false
2025-06-25T07:47:31.8421244Z   show-progress: true
2025-06-25T07:47:31.8421598Z   lfs: false
2025-06-25T07:47:31.8421928Z   submodules: false
2025-06-25T07:47:31.8422297Z   set-safe-directory: true
2025-06-25T07:47:31.8422940Z env:
2025-06-25T07:47:31.8423315Z   COMPANY_REPO: gumtree-tech/mobile-apps-bff
2025-06-25T07:47:31.8423739Z   BRANCH: main
2025-06-25T07:47:31.8424069Z   STATE: .last_sha_bff
2025-06-25T07:47:31.8424425Z   LATEST: null
2025-06-25T07:47:31.8424751Z ##[endgroup]
2025-06-25T07:47:31.9313567Z ##[debug]GITHUB_WORKSPACE = '/home/runner/work/jmeter-api-project/jmeter-api-project'
2025-06-25T07:47:31.9317356Z ##[debug]qualified repository = 'gumtree-tech/mobile-apps-bff'
2025-06-25T07:47:31.9318530Z ##[debug]ref = 'main'
2025-06-25T07:47:31.9319601Z ##[debug]commit = 'undefined'
2025-06-25T07:47:31.9320625Z ##[debug]clean = true
2025-06-25T07:47:31.9321622Z ##[debug]filter = undefined
2025-06-25T07:47:31.9322814Z ##[debug]fetch depth = 1
2025-06-25T07:47:31.9323876Z ##[debug]fetch tags = false
2025-06-25T07:47:31.9324919Z ##[debug]show progress = true
2025-06-25T07:47:31.9325793Z ##[debug]lfs = false
2025-06-25T07:47:31.9326403Z ##[debug]submodules = false
2025-06-25T07:47:31.9327083Z ##[debug]recursive submodules = false
2025-06-25T07:47:31.9339884Z ##[debug]GitHub Host URL = 
2025-06-25T07:47:31.9341528Z ::add-matcher::/home/runner/work/_actions/actions/checkout/v4/dist/problem-matcher.json
2025-06-25T07:47:31.9346567Z ##[debug]Added matchers: 'checkout-git'. Problem matchers scan action output for known warning or error strings and report these inline.
2025-06-25T07:47:31.9347994Z Syncing repository: gumtree-tech/mobile-apps-bff
2025-06-25T07:47:31.9351738Z ::group::Getting Git version info
2025-06-25T07:47:31.9352441Z ##[group]Getting Git version info
2025-06-25T07:47:31.9353450Z Working directory is '/home/runner/work/jmeter-api-project/jmeter-api-project/company_src'
2025-06-25T07:47:31.9384113Z ##[debug]Getting git version
2025-06-25T07:47:31.9397799Z [command]/usr/bin/git version
2025-06-25T07:47:31.9436764Z git version 2.49.0
2025-06-25T07:47:31.9464186Z ##[debug]0
2025-06-25T07:47:31.9464917Z ##[debug]git version 2.49.0
2025-06-25T07:47:31.9465287Z ##[debug]
2025-06-25T07:47:31.9466397Z ##[debug]Set git useragent to: git/2.49.0 (github-actions-checkout)
2025-06-25T07:47:31.9467223Z ::endgroup::
2025-06-25T07:47:31.9467575Z ##[endgroup]
2025-06-25T07:47:31.9468744Z ::add-mask::***
2025-06-25T07:47:31.9480310Z Temporarily overriding HOME='/home/runner/work/_temp/3f8c1353-f69f-475f-8fd2-f1f51dc22423' before making global git config changes
2025-06-25T07:47:31.9481274Z Adding repository directory to the temporary git global config as a safe directory
2025-06-25T07:47:31.9486730Z [command]/usr/bin/git config --global --add safe.directory /home/runner/work/jmeter-api-project/jmeter-api-project/company_src
2025-06-25T07:47:31.9516652Z ##[debug]0
2025-06-25T07:47:31.9517250Z ##[debug]
2025-06-25T07:47:31.9519683Z ::group::Initializing the repository
2025-06-25T07:47:31.9520175Z ##[group]Initializing the repository
2025-06-25T07:47:31.9525238Z [command]/usr/bin/git init /home/runner/work/jmeter-api-project/jmeter-api-project/company_src
2025-06-25T07:47:31.9562315Z hint: Using 'master' as the name for the initial branch. This default branch name
2025-06-25T07:47:31.9564143Z hint: is subject to change. To configure the initial branch name to use in all
2025-06-25T07:47:31.9565141Z hint: of your new repositories, which will suppress this warning, call:
2025-06-25T07:47:31.9566114Z hint:
2025-06-25T07:47:31.9566861Z hint: 	git config --global init.defaultBranch <name>
2025-06-25T07:47:31.9567711Z hint:
2025-06-25T07:47:31.9568562Z hint: Names commonly chosen instead of 'master' are 'main', 'trunk' and
2025-06-25T07:47:31.9569827Z hint: 'development'. The just-created branch can be renamed via this command:
2025-06-25T07:47:31.9570820Z hint:
2025-06-25T07:47:31.9571449Z hint: 	git branch -m <name>
2025-06-25T07:47:31.9573163Z Initialized empty Git repository in /home/runner/work/jmeter-api-project/jmeter-api-project/company_src/.git/
2025-06-25T07:47:31.9574877Z ##[debug]0
2025-06-25T07:47:31.9576504Z ##[debug]Initialized empty Git repository in /home/runner/work/jmeter-api-project/jmeter-api-project/company_src/.git/
2025-06-25T07:47:31.9577733Z ##[debug]
2025-06-25T07:47:31.9578751Z [command]/usr/bin/git remote add origin https://github.com/gumtree-tech/mobile-apps-bff
2025-06-25T07:47:31.9608218Z ##[debug]0
2025-06-25T07:47:31.9609290Z ##[debug]
2025-06-25T07:47:31.9610254Z ::endgroup::
2025-06-25T07:47:31.9610859Z ##[endgroup]
2025-06-25T07:47:31.9611908Z ::group::Disabling automatic garbage collection
2025-06-25T07:47:31.9612999Z ##[group]Disabling automatic garbage collection
2025-06-25T07:47:31.9614688Z [command]/usr/bin/git config --local gc.auto 0
2025-06-25T07:47:31.9643694Z ##[debug]0
2025-06-25T07:47:31.9644771Z ##[debug]
2025-06-25T07:47:31.9645807Z ::endgroup::
2025-06-25T07:47:31.9646415Z ##[endgroup]
2025-06-25T07:47:31.9647494Z ::group::Setting up auth
2025-06-25T07:47:31.9648181Z ##[group]Setting up auth
2025-06-25T07:47:31.9652437Z [command]/usr/bin/git config --local --name-only --get-regexp core\.sshCommand
2025-06-25T07:47:31.9676931Z ##[debug]1
2025-06-25T07:47:31.9677965Z ##[debug]
2025-06-25T07:47:31.9683581Z [command]/usr/bin/git submodule foreach --recursive sh -c "git config --local --name-only --get-regexp 'core\.sshCommand' && git config --local --unset-all 'core.sshCommand' || :"
2025-06-25T07:47:31.9899771Z ##[debug]0
2025-06-25T07:47:31.9900809Z ##[debug]
2025-06-25T07:47:31.9905762Z [command]/usr/bin/git config --local --name-only --get-regexp http\.https\:\/\/github\.com\/\.extraheader
2025-06-25T07:47:31.9934670Z ##[debug]1
2025-06-25T07:47:31.9936390Z ##[debug]
2025-06-25T07:47:31.9942903Z [command]/usr/bin/git submodule foreach --recursive sh -c "git config --local --name-only --get-regexp 'http\.https\:\/\/github\.com\/\.extraheader' && git config --local --unset-all 'http.https://github.com/.extraheader' || :"
2025-06-25T07:47:32.0178365Z ##[debug]0
2025-06-25T07:47:32.0179056Z ##[debug]
2025-06-25T07:47:32.0187339Z [command]/usr/bin/git config --local http.https://github.com/.extraheader AUTHORIZATION: basic ***
2025-06-25T07:47:32.0217347Z ##[debug]0
2025-06-25T07:47:32.0217955Z ##[debug]
2025-06-25T07:47:32.0225823Z ::endgroup::
2025-06-25T07:47:32.0226190Z ##[endgroup]
2025-06-25T07:47:32.0226828Z ::group::Fetching the repository
2025-06-25T07:47:32.0227242Z ##[group]Fetching the repository
2025-06-25T07:47:32.0243307Z [command]/usr/bin/git -c protocol.version=2 fetch --no-tags --prune --no-recurse-submodules --depth=1 origin +refs/heads/main*:refs/remotes/origin/main* +refs/tags/main*:refs/tags/main*
2025-06-25T07:47:32.2641601Z The process '/usr/bin/git' failed with exit code 1
2025-06-25T07:47:32.2642244Z Waiting 11 seconds before trying again
2025-06-25T07:47:43.2657914Z [command]/usr/bin/git -c protocol.version=2 fetch --no-tags --prune --no-recurse-submodules --depth=1 origin +refs/heads/main*:refs/remotes/origin/main* +refs/tags/main*:refs/tags/main*
2025-06-25T07:47:43.4996315Z The process '/usr/bin/git' failed with exit code 1
2025-06-25T07:47:43.4996770Z Waiting 18 seconds before trying again
2025-06-25T07:48:01.5077374Z [command]/usr/bin/git -c protocol.version=2 fetch --no-tags --prune --no-recurse-submodules --depth=1 origin +refs/heads/main*:refs/remotes/origin/main* +refs/tags/main*:refs/tags/main*
2025-06-25T07:48:01.8030031Z ##[debug]Unsetting HOME override
2025-06-25T07:48:01.8036150Z ::remove-matcher owner=checkout-git::
2025-06-25T07:48:01.8037730Z ##[debug]Removed matchers: 'checkout-git'
2025-06-25T07:48:01.8061385Z ##[error]The process '/usr/bin/git' failed with exit code 1
2025-06-25T07:48:01.8103542Z ##[debug]Node Action run completed with exit code 1
2025-06-25T07:48:01.8106035Z ##[debug]Save intra-action state isPost = true
2025-06-25T07:48:01.8106382Z ##[debug]Save intra-action state setSafeDirectory = true
2025-06-25T07:48:01.8107183Z ##[debug]Save intra-action state repositoryPath = /home/runner/work/jmeter-api-project/jmeter-api-project/company_src
2025-06-25T07:48:01.8109834Z ##[debug]Finishing: Checkout company repo
2025-06-25T07:48:01.8128828Z ##[debug]Evaluating condition for step: 'Install JMeter & plugins'
2025-06-25T07:48:01.8132167Z ##[debug]Evaluating: (success() && (env.LATEST != steps.prev.outputs.SHA))
2025-06-25T07:48:01.8133202Z ##[debug]Evaluating And:
2025-06-25T07:48:01.8133611Z ##[debug]..Evaluating success:
2025-06-25T07:48:01.8134022Z ##[debug]..=> false
2025-06-25T07:48:01.8134368Z ##[debug]=> false
2025-06-25T07:48:01.8135965Z ##[debug]Expanded: (false && (env['LATEST'] != steps['prev']['outputs']['SHA']))
2025-06-25T07:48:01.8136444Z ##[debug]Result: false
2025-06-25T07:48:01.8141093Z ##[debug]Evaluating condition for step: 'Run tests'
2025-06-25T07:48:01.8142919Z ##[debug]Evaluating: (success() && (env.LATEST != steps.prev.outputs.SHA))
2025-06-25T07:48:01.8143382Z ##[debug]Evaluating And:
2025-06-25T07:48:01.8143707Z ##[debug]..Evaluating success:
2025-06-25T07:48:01.8144046Z ##[debug]..=> false
2025-06-25T07:48:01.8144307Z ##[debug]=> false
2025-06-25T07:48:01.8144922Z ##[debug]Expanded: (false && (env['LATEST'] != steps['prev']['outputs']['SHA']))
2025-06-25T07:48:01.8145360Z ##[debug]Result: false
2025-06-25T07:48:01.8149616Z ##[debug]Evaluating condition for step: 'Run actions/upload-artifact@v4'
2025-06-25T07:48:01.8151156Z ##[debug]Evaluating: (success() && (env.LATEST != steps.prev.outputs.SHA))
2025-06-25T07:48:01.8151590Z ##[debug]Evaluating And:
2025-06-25T07:48:01.8151895Z ##[debug]..Evaluating success:
2025-06-25T07:48:01.8152226Z ##[debug]..=> false
2025-06-25T07:48:01.8152497Z ##[debug]=> false
2025-06-25T07:48:01.8153363Z ##[debug]Expanded: (false && (env['LATEST'] != steps['prev']['outputs']['SHA']))
2025-06-25T07:48:01.8153800Z ##[debug]Result: false
2025-06-25T07:48:01.8157878Z ##[debug]Evaluating condition for step: 'Save sha'
2025-06-25T07:48:01.8159297Z ##[debug]Evaluating: (success() && (env.LATEST != steps.prev.outputs.SHA))
2025-06-25T07:48:01.8159747Z ##[debug]Evaluating And:
2025-06-25T07:48:01.8160046Z ##[debug]..Evaluating success:
2025-06-25T07:48:01.8160376Z ##[debug]..=> false
2025-06-25T07:48:01.8160641Z ##[debug]=> false
2025-06-25T07:48:01.8161204Z ##[debug]Expanded: (false && (env['LATEST'] != steps['prev']['outputs']['SHA']))
2025-06-25T07:48:01.8161646Z ##[debug]Result: false
2025-06-25T07:48:01.8166565Z ##[debug]Evaluating condition for step: 'Post Checkout company repo'
2025-06-25T07:48:01.8168275Z ##[debug]Evaluating: always()
2025-06-25T07:48:01.8168608Z ##[debug]Evaluating always:
2025-06-25T07:48:01.8169313Z ##[debug]=> true
2025-06-25T07:48:01.8169726Z ##[debug]Result: true
2025-06-25T07:48:01.8170240Z ##[debug]Starting: Post Checkout company repo
2025-06-25T07:48:01.8220824Z ##[debug]Loading inputs
2025-06-25T07:48:01.8221858Z ##[debug]Evaluating: env.COMPANY_REPO
2025-06-25T07:48:01.8222134Z ##[debug]Evaluating Index:
2025-06-25T07:48:01.8222353Z ##[debug]..Evaluating env:
2025-06-25T07:48:01.8222756Z ##[debug]..=> Object
2025-06-25T07:48:01.8222990Z ##[debug]..Evaluating String:
2025-06-25T07:48:01.8223232Z ##[debug]..=> 'COMPANY_REPO'
2025-06-25T07:48:01.8223539Z ##[debug]=> 'gumtree-tech/mobile-apps-bff'
2025-06-25T07:48:01.8223832Z ##[debug]Result: 'gumtree-tech/mobile-apps-bff'
2025-06-25T07:48:01.8224637Z ##[debug]Evaluating: env.BRANCH
2025-06-25T07:48:01.8224904Z ##[debug]Evaluating Index:
2025-06-25T07:48:01.8225109Z ##[debug]..Evaluating env:
2025-06-25T07:48:01.8243179Z ##[debug]..=> Object
2025-06-25T07:48:01.8243588Z ##[debug]..Evaluating String:
2025-06-25T07:48:01.8243850Z ##[debug]..=> 'BRANCH'
2025-06-25T07:48:01.8244114Z ##[debug]=> 'main'
2025-06-25T07:48:01.8244323Z ##[debug]Result: 'main'
2025-06-25T07:48:01.8245003Z ##[debug]Evaluating: secrets.COMPANY_PAT
2025-06-25T07:48:01.8245315Z ##[debug]Evaluating Index:
2025-06-25T07:48:01.8245537Z ##[debug]..Evaluating secrets:
2025-06-25T07:48:01.8245773Z ##[debug]..=> Object
2025-06-25T07:48:01.8245973Z ##[debug]..Evaluating String:
2025-06-25T07:48:01.8246208Z ##[debug]..=> 'COMPANY_PAT'
2025-06-25T07:48:01.8246674Z ##[debug]=> '***'
2025-06-25T07:48:01.8246981Z ##[debug]Result: '***'
2025-06-25T07:48:01.8256243Z ##[debug]Loading env
2025-06-25T07:48:01.8259833Z Post job cleanup.
2025-06-25T07:48:01.9161608Z ##[debug]Getting git version
2025-06-25T07:48:01.9175861Z [command]/usr/bin/git version
2025-06-25T07:48:01.9211890Z git version 2.49.0
2025-06-25T07:48:01.9234170Z ##[debug]0
2025-06-25T07:48:01.9234713Z ##[debug]git version 2.49.0
2025-06-25T07:48:01.9234970Z ##[debug]
2025-06-25T07:48:01.9235883Z ##[debug]Set git useragent to: git/2.49.0 (github-actions-checkout)
2025-06-25T07:48:01.9238675Z ::add-mask::***
2025-06-25T07:48:01.9253393Z Temporarily overriding HOME='/home/runner/work/_temp/865ef0e3-841e-4e0a-99d7-3f04312c6c7b' before making global git config changes
2025-06-25T07:48:01.9254308Z Adding repository directory to the temporary git global config as a safe directory
2025-06-25T07:48:01.9259074Z [command]/usr/bin/git config --global --add safe.directory /home/runner/work/jmeter-api-project/jmeter-api-project/company_src
2025-06-25T07:48:01.9288214Z ##[debug]0
2025-06-25T07:48:01.9288825Z ##[debug]
2025-06-25T07:48:01.9296259Z [command]/usr/bin/git config --local --name-only --get-regexp core\.sshCommand
2025-06-25T07:48:01.9323766Z ##[debug]1
2025-06-25T07:48:01.9324337Z ##[debug]
2025-06-25T07:48:01.9330034Z [command]/usr/bin/git submodule foreach --recursive sh -c "git config --local --name-only --get-regexp 'core\.sshCommand' && git config --local --unset-all 'core.sshCommand' || :"
2025-06-25T07:48:01.9551374Z ##[debug]0
2025-06-25T07:48:01.9551955Z ##[debug]
2025-06-25T07:48:01.9558589Z [command]/usr/bin/git config --local --name-only --get-regexp http\.https\:\/\/github\.com\/\.extraheader
2025-06-25T07:48:01.9580079Z http.https://github.com/.extraheader
2025-06-25T07:48:01.9586782Z ##[debug]0
2025-06-25T07:48:01.9593571Z ##[debug]http.https://github.com/.extraheader
2025-06-25T07:48:01.9593872Z ##[debug]
2025-06-25T07:48:01.9594219Z [command]/usr/bin/git config --local --unset-all http.https://github.com/.extraheader
2025-06-25T07:48:01.9618131Z ##[debug]0
2025-06-25T07:48:01.9618646Z ##[debug]
2025-06-25T07:48:01.9623735Z [command]/usr/bin/git submodule foreach --recursive sh -c "git config --local --name-only --get-regexp 'http\.https\:\/\/github\.com\/\.extraheader' && git config --local --unset-all 'http.https://github.com/.extraheader' || :"
2025-06-25T07:48:01.9840565Z ##[debug]0
2025-06-25T07:48:01.9841203Z ##[debug]
2025-06-25T07:48:01.9841816Z ##[debug]Unsetting HOME override
2025-06-25T07:48:01.9911711Z ##[debug]Node Action run completed with exit code 0
2025-06-25T07:48:01.9914467Z ##[debug]Finishing: Post Checkout company repo
2025-06-25T07:48:01.9922260Z ##[debug]Evaluating condition for step: 'Post Run actions/checkout@v4'
2025-06-25T07:48:01.9924228Z ##[debug]Evaluating: always()
2025-06-25T07:48:01.9924604Z ##[debug]Evaluating always:
2025-06-25T07:48:01.9924928Z ##[debug]=> true
2025-06-25T07:48:01.9925257Z ##[debug]Result: true
2025-06-25T07:48:01.9925894Z ##[debug]Starting: Post Run actions/checkout@v4
2025-06-25T07:48:01.9973698Z ##[debug]Loading inputs
2025-06-25T07:48:01.9975299Z ##[debug]Evaluating: github.repository
2025-06-25T07:48:01.9975605Z ##[debug]Evaluating Index:
2025-06-25T07:48:01.9976041Z ##[debug]..Evaluating github:
2025-06-25T07:48:01.9976292Z ##[debug]..=> Object
2025-06-25T07:48:01.9976512Z ##[debug]..Evaluating String:
2025-06-25T07:48:01.9976769Z ##[debug]..=> 'repository'
2025-06-25T07:48:01.9977082Z ##[debug]=> 'hanxuhao58/jmeter-api-project'
2025-06-25T07:48:01.9977396Z ##[debug]Result: 'hanxuhao58/jmeter-api-project'
2025-06-25T07:48:01.9979025Z ##[debug]Evaluating: github.token
2025-06-25T07:48:01.9979325Z ##[debug]Evaluating Index:
2025-06-25T07:48:01.9979561Z ##[debug]..Evaluating github:
2025-06-25T07:48:01.9979809Z ##[debug]..=> Object
2025-06-25T07:48:01.9980027Z ##[debug]..Evaluating String:
2025-06-25T07:48:01.9980264Z ##[debug]..=> 'token'
2025-06-25T07:48:01.9980710Z ##[debug]=> '***'
2025-06-25T07:48:01.9981025Z ##[debug]Result: '***'
2025-06-25T07:48:01.9989616Z ##[debug]Loading env
2025-06-25T07:48:01.9993207Z Post job cleanup.
2025-06-25T07:48:02.1016710Z ##[debug]Getting git version
2025-06-25T07:48:02.1032555Z [command]/usr/bin/git version
2025-06-25T07:48:02.1075686Z git version 2.49.0
2025-06-25T07:48:02.1098910Z ##[debug]0
2025-06-25T07:48:02.1099506Z ##[debug]git version 2.49.0
2025-06-25T07:48:02.1099861Z ##[debug]
2025-06-25T07:48:02.1101959Z ##[debug]Set git useragent to: git/2.49.0 (github-actions-checkout)
2025-06-25T07:48:02.1104995Z ::add-mask::***
2025-06-25T07:48:02.1121832Z Temporarily overriding HOME='/home/runner/work/_temp/27a8dd1f-95fe-40f3-999d-881d95e21fca' before making global git config changes
2025-06-25T07:48:02.1123311Z Adding repository directory to the temporary git global config as a safe directory
2025-06-25T07:48:02.1129060Z [command]/usr/bin/git config --global --add safe.directory /home/runner/work/jmeter-api-project/jmeter-api-project
2025-06-25T07:48:02.1162328Z ##[debug]0
2025-06-25T07:48:02.1163576Z ##[debug]
2025-06-25T07:48:02.1170408Z [command]/usr/bin/git config --local --name-only --get-regexp core\.sshCommand
2025-06-25T07:48:02.1200281Z ##[debug]1
2025-06-25T07:48:02.1200934Z ##[debug]
2025-06-25T07:48:02.1207070Z [command]/usr/bin/git submodule foreach --recursive sh -c "git config --local --name-only --get-regexp 'core\.sshCommand' && git config --local --unset-all 'core.sshCommand' || :"
2025-06-25T07:48:02.1445398Z ##[debug]0
2025-06-25T07:48:02.1446553Z ##[debug]
2025-06-25T07:48:02.1452484Z [command]/usr/bin/git config --local --name-only --get-regexp http\.https\:\/\/github\.com\/\.extraheader
2025-06-25T07:48:02.1476210Z http.https://github.com/.extraheader
2025-06-25T07:48:02.1483287Z ##[debug]0
2025-06-25T07:48:02.1484005Z ##[debug]http.https://github.com/.extraheader
2025-06-25T07:48:02.1484483Z ##[debug]
2025-06-25T07:48:02.1490088Z [command]/usr/bin/git config --local --unset-all http.https://github.com/.extraheader
2025-06-25T07:48:02.1517546Z ##[debug]0
2025-06-25T07:48:02.1519151Z ##[debug]
2025-06-25T07:48:02.1524641Z [command]/usr/bin/git submodule foreach --recursive sh -c "git config --local --name-only --get-regexp 'http\.https\:\/\/github\.com\/\.extraheader' && git config --local --unset-all 'http.https://github.com/.extraheader' || :"
2025-06-25T07:48:02.1759181Z ##[debug]0
2025-06-25T07:48:02.1759775Z ##[debug]
2025-06-25T07:48:02.1760780Z ##[debug]Unsetting HOME override
2025-06-25T07:48:02.1828325Z ##[debug]Node Action run completed with exit code 0
2025-06-25T07:48:02.1830670Z ##[debug]Finishing: Post Run actions/checkout@v4
2025-06-25T07:48:02.1868778Z ##[debug]Starting: Complete job
2025-06-25T07:48:02.1870453Z Cleaning up orphan processes
2025-06-25T07:48:02.2124172Z ##[debug]Finishing: Complete job
2025-06-25T07:48:02.2152189Z ##[debug]Finishing: poll